// Jest Snapshot v1, https://goo.gl/fbAQLP

exports[`renders correctly 1`] = `
<div
  className="rpcl-dual-ring"
  style={
    Object {
      "--rpcl-dual-ring-color": "black",
    }
  }
/>
`;
