// Jest Snapshot v1, https://goo.gl/fbAQLP

exports[`renders correctly 1`] = `
<div
  className="rpcl-ellipsis"
  style={
    Object {
      "--rpcl-ellipsis-color": "black",
    }
  }
>
  <div />
  <div />
  <div />
  <div />
</div>
`;
